Archive member included because of file (symbol)

/Users/rob/pebble-dev/PebbleSDK-2.1.1/Pebble/lib/libpebble.a(tmpypdyNWpebble.o)
                              src/substance.c.18.o (accel_data_service_unsubscribe)

Allocating common symbols
Common symbol       size              file

bottom_line_layer   0x4               src/substance.c.18.o
sunInt              0x4               src/substance.c.18.o
bt_border_layer     0x4               src/bluetooth.c.18.o
seconds_layer       0x4               src/substance.c.18.o
power_bar_layer     0x4               src/substance.c.18.o
top_line_layer      0x4               src/substance.c.18.o
bt_layer            0x4               src/bluetooth.c.18.o
line_layer          0x4               src/substance.c.18.o

Discarded input sections

 .text          0x0000000000000000        0x0 /Users/rob/pebble-dev/PebbleSDK-2.1.1/arm-cs-tools/bin/../lib/gcc/arm-none-eabi/4.7.2/thumb2/crti.o
 .bss           0x0000000000000000        0x0 /Users/rob/pebble-dev/PebbleSDK-2.1.1/arm-cs-tools/bin/../lib/gcc/arm-none-eabi/4.7.2/thumb2/crti.o
 .init          0x0000000000000000        0x4 /Users/rob/pebble-dev/PebbleSDK-2.1.1/arm-cs-tools/bin/../lib/gcc/arm-none-eabi/4.7.2/thumb2/crti.o
 .fini          0x0000000000000000        0x4 /Users/rob/pebble-dev/PebbleSDK-2.1.1/arm-cs-tools/bin/../lib/gcc/arm-none-eabi/4.7.2/thumb2/crti.o
 .text          0x0000000000000000       0xc8 /Users/rob/pebble-dev/PebbleSDK-2.1.1/arm-cs-tools/bin/../lib/gcc/arm-none-eabi/4.7.2/thumb2/crtbegin.o
 .bss           0x0000000000000000       0x1c /Users/rob/pebble-dev/PebbleSDK-2.1.1/arm-cs-tools/bin/../lib/gcc/arm-none-eabi/4.7.2/thumb2/crtbegin.o
 .init_array    0x0000000000000000        0x4 /Users/rob/pebble-dev/PebbleSDK-2.1.1/arm-cs-tools/bin/../lib/gcc/arm-none-eabi/4.7.2/thumb2/crtbegin.o
 .fini_array    0x0000000000000000        0x4 /Users/rob/pebble-dev/PebbleSDK-2.1.1/arm-cs-tools/bin/../lib/gcc/arm-none-eabi/4.7.2/thumb2/crtbegin.o
 .eh_frame      0x0000000000000000        0x0 /Users/rob/pebble-dev/PebbleSDK-2.1.1/arm-cs-tools/bin/../lib/gcc/arm-none-eabi/4.7.2/thumb2/crtbegin.o
 .jcr           0x0000000000000000        0x0 /Users/rob/pebble-dev/PebbleSDK-2.1.1/arm-cs-tools/bin/../lib/gcc/arm-none-eabi/4.7.2/thumb2/crtbegin.o
 .tm_clone_table
                0x0000000000000000        0x0 /Users/rob/pebble-dev/PebbleSDK-2.1.1/arm-cs-tools/bin/../lib/gcc/arm-none-eabi/4.7.2/thumb2/crtbegin.o
 .text          0x0000000000000000        0x0 src/bluetooth.c.18.o
 .bss           0x0000000000000000        0x0 src/bluetooth.c.18.o
 .text.translate_error
                0x0000000000000000       0xe8 src/bluetooth.c.18.o
 .rodata.str1.1
                0x0000000000000000      0x145 src/bluetooth.c.18.o
 .text          0x0000000000000000        0x0 src/substance.c.18.o
 .bss           0x0000000000000000        0x0 src/substance.c.18.o
 .bss.fontCount
                0x0000000000000000        0x4 src/substance.c.18.o
 .text          0x0000000000000000        0x0 appinfo.auto.c.18.o
 .bss           0x0000000000000000        0x0 appinfo.auto.c.18.o
 .bss           0x0000000000000000        0x0 /Users/rob/pebble-dev/PebbleSDK-2.1.1/Pebble/lib/libpebble.a(tmpypdyNWpebble.o)
 .text.accel_data_service_subscribe__deprecated
                0x0000000000000000        0xc /Users/rob/pebble-dev/PebbleSDK-2.1.1/Pebble/lib/libpebble.a(tmpypdyNWpebble.o)
 .text.accel_service_peek
                0x0000000000000000        0xc /Users/rob/pebble-dev/PebbleSDK-2.1.1/Pebble/lib/libpebble.a(tmpypdyNWpebble.o)
 .text.accel_service_set_samples_per_update
                0x0000000000000000        0xc /Users/rob/pebble-dev/PebbleSDK-2.1.1/Pebble/lib/libpebble.a(tmpypdyNWpebble.o)
 .text.accel_service_set_sampling_rate
                0x0000000000000000        0xc /Users/rob/pebble-dev/PebbleSDK-2.1.1/Pebble/lib/libpebble.a(tmpypdyNWpebble.o)
 .text.accel_tap_service_unsubscribe
                0x0000000000000000        0xc /Users/rob/pebble-dev/PebbleSDK-2.1.1/Pebble/lib/libpebble.a(tmpypdyNWpebble.o)
 .text.action_bar_layer_add_to_window
                0x0000000000000000        0xc /Users/rob/pebble-dev/PebbleSDK-2.1.1/Pebble/lib/libpebble.a(tmpypdyNWpebble.o)
 .text.action_bar_layer_clear_icon
                0x0000000000000000        0xc /Users/rob/pebble-dev/PebbleSDK-2.1.1/Pebble/lib/libpebble.a(tmpypdyNWpebble.o)
 .text.action_bar_layer_create
                0x0000000000000000        0xc /Users/rob/pebble-dev/PebbleSDK-2.1.1/Pebble/lib/libpebble.a(tmpypdyNWpebble.o)
 .text.action_bar_layer_destroy
                0x0000000000000000        0xc /Users/rob/pebble-dev/PebbleSDK-2.1.1/Pebble/lib/libpebble.a(tmpypdyNWpebble.o)
 .text.action_bar_layer_get_layer
                0x0000000000000000        0xc /Users/rob/pebble-dev/PebbleSDK-2.1.1/Pebble/lib/libpebble.a(tmpypdyNWpebble.o)
 .text.action_bar_layer_remove_from_window
                0x0000000000000000        0xc /Users/rob/pebble-dev/PebbleSDK-2.1.1/Pebble/lib/libpebble.a(tmpypdyNWpebble.o)
 .text.action_bar_layer_set_background_color
                0x0000000000000000        0xc /Users/rob/pebble-dev/PebbleSDK-2.1.1/Pebble/lib/libpebble.a(tmpypdyNWpebble.o)
 .text.action_bar_layer_set_click_config_provider
                0x0000000000000000        0xc /Users/rob/pebble-dev/PebbleSDK-2.1.1/Pebble/lib/libpebble.a(tmpypdyNWpebble.o)
 .text.action_bar_layer_set_context
                0x0000000000000000        0xc /Users/rob/pebble-dev/PebbleSDK-2.1.1/Pebble/lib/libpebble.a(tmpypdyNWpebble.o)
 .text.action_bar_layer_set_icon
                0x0000000000000000        0xc /Users/rob/pebble-dev/PebbleSDK-2.1.1/Pebble/lib/libpebble.a(tmpypdyNWpebble.o)
 .text.animation_create
                0x0000000000000000        0xc /Users/rob/pebble-dev/PebbleSDK-2.1.1/Pebble/lib/libpebble.a(tmpypdyNWpebble.o)
 .text.animation_destroy
                0x0000000000000000        0xc /Users/rob/pebble-dev/PebbleSDK-2.1.1/Pebble/lib/libpebble.a(tmpypdyNWpebble.o)
 .text.animation_get_context
                0x0000000000000000        0xc /Users/rob/pebble-dev/PebbleSDK-2.1.1/Pebble/lib/libpebble.a(tmpypdyNWpebble.o)
 .text.animation_is_scheduled
                0x0000000000000000        0xc /Users/rob/pebble-dev/PebbleSDK-2.1.1/Pebble/lib/libpebble.a(tmpypdyNWpebble.o)
 .text.animation_schedule
                0x0000000000000000        0xc /Users/rob/pebble-dev/PebbleSDK-2.1.1/Pebble/lib/libpebble.a(tmpypdyNWpebble.o)
 .text.animation_set_curve
                0x0000000000000000        0xc /Users/rob/pebble-dev/PebbleSDK-2.1.1/Pebble/lib/libpebble.a(tmpypdyNWpebble.o)
 .text.animation_set_delay
                0x0000000000000000        0xc /Users/rob/pebble-dev/PebbleSDK-2.1.1/Pebble/lib/libpebble.a(tmpypdyNWpebble.o)
 .text.animation_set_duration
                0x0000000000000000        0xc /Users/rob/pebble-dev/PebbleSDK-2.1.1/Pebble/lib/libpebble.a(tmpypdyNWpebble.o)
 .text.animation_set_handlers
                0x0000000000000000        0xc /Users/rob/pebble-dev/PebbleSDK-2.1.1/Pebble/lib/libpebble.a(tmpypdyNWpebble.o)
 .text.animation_set_implementation
                0x0000000000000000        0xc /Users/rob/pebble-dev/PebbleSDK-2.1.1/Pebble/lib/libpebble.a(tmpypdyNWpebble.o)
 .text.animation_unschedule
                0x0000000000000000        0xc /Users/rob/pebble-dev/PebbleSDK-2.1.1/Pebble/lib/libpebble.a(tmpypdyNWpebble.o)
 .text.animation_unschedule_all
                0x0000000000000000        0xc /Users/rob/pebble-dev/PebbleSDK-2.1.1/Pebble/lib/libpebble.a(tmpypdyNWpebble.o)
 .text.app_comm_get_sniff_interval
                0x0000000000000000        0xc /Users/rob/pebble-dev/PebbleSDK-2.1.1/Pebble/lib/libpebble.a(tmpypdyNWpebble.o)
 .text.app_comm_set_sniff_interval
                0x0000000000000000        0xc /Users/rob/pebble-dev/PebbleSDK-2.1.1/Pebble/lib/libpebble.a(tmpypdyNWpebble.o)
 .text.app_message_deregister_callbacks
                0x0000000000000000        0xc /Users/rob/pebble-dev/PebbleSDK-2.1.1/Pebble/lib/libpebble.a(tmpypdyNWpebble.o)
 .text.app_sync_get
                0x0000000000000000        0xc /Users/rob/pebble-dev/PebbleSDK-2.1.1/Pebble/lib/libpebble.a(tmpypdyNWpebble.o)
 .text.app_sync_set
                0x0000000000000000        0xc /Users/rob/pebble-dev/PebbleSDK-2.1.1/Pebble/lib/libpebble.a(tmpypdyNWpebble.o)
 .text.app_timer_cancel
                0x0000000000000000        0xc /Users/rob/pebble-dev/PebbleSDK-2.1.1/Pebble/lib/libpebble.a(tmpypdyNWpebble.o)
 .text.app_timer_register
                0x0000000000000000        0xc /Users/rob/pebble-dev/PebbleSDK-2.1.1/Pebble/lib/libpebble.a(tmpypdyNWpebble.o)
 .text.app_timer_reschedule
                0x0000000000000000        0xc /Users/rob/pebble-dev/PebbleSDK-2.1.1/Pebble/lib/libpebble.a(tmpypdyNWpebble.o)
 .text.atan2_lookup
                0x0000000000000000        0xc /Users/rob/pebble-dev/PebbleSDK-2.1.1/Pebble/lib/libpebble.a(tmpypdyNWpebble.o)
 .text.atoi     0x0000000000000000        0xc /Users/rob/pebble-dev/PebbleSDK-2.1.1/Pebble/lib/libpebble.a(tmpypdyNWpebble.o)
 .text.atol     0x0000000000000000        0xc /Users/rob/pebble-dev/PebbleSDK-2.1.1/Pebble/lib/libpebble.a(tmpypdyNWpebble.o)
 .text.bitmap_layer_create
                0x0000000000000000        0xc /Users/rob/pebble-dev/PebbleSDK-2.1.1/Pebble/lib/libpebble.a(tmpypdyNWpebble.o)
 .text.bitmap_layer_destroy
                0x0000000000000000        0xc /Users/rob/pebble-dev/PebbleSDK-2.1.1/Pebble/lib/libpebble.a(tmpypdyNWpebble.o)
 .text.bitmap_layer_get_layer
                0x0000000000000000        0xc /Users/rob/pebble-dev/PebbleSDK-2.1.1/Pebble/lib/libpebble.a(tmpypdyNWpebble.o)
 .text.bitmap_layer_set_alignment
                0x0000000000000000        0xc /Users/rob/pebble-dev/PebbleSDK-2.1.1/Pebble/lib/libpebble.a(tmpypdyNWpebble.o)
 .text.bitmap_layer_set_background_color
                0x0000000000000000        0xc /Users/rob/pebble-dev/PebbleSDK-2.1.1/Pebble/lib/libpebble.a(tmpypdyNWpebble.o)
 .text.bitmap_layer_set_bitmap
                0x0000000000000000        0xc /Users/rob/pebble-dev/PebbleSDK-2.1.1/Pebble/lib/libpebble.a(tmpypdyNWpebble.o)
 .text.bitmap_layer_set_compositing_mode
                0x0000000000000000        0xc /Users/rob/pebble-dev/PebbleSDK-2.1.1/Pebble/lib/libpebble.a(tmpypdyNWpebble.o)
 .text.click_number_of_clicks_counted
                0x0000000000000000        0xc /Users/rob/pebble-dev/PebbleSDK-2.1.1/Pebble/lib/libpebble.a(tmpypdyNWpebble.o)
 .text.click_recognizer_get_button_id
                0x0000000000000000        0xc /Users/rob/pebble-dev/PebbleSDK-2.1.1/Pebble/lib/libpebble.a(tmpypdyNWpebble.o)
 .text.clock_copy_time_string
                0x0000000000000000        0xc /Users/rob/pebble-dev/PebbleSDK-2.1.1/Pebble/lib/libpebble.a(tmpypdyNWpebble.o)
 .text.cos_lookup
                0x0000000000000000        0xc /Users/rob/pebble-dev/PebbleSDK-2.1.1/Pebble/lib/libpebble.a(tmpypdyNWpebble.o)
 .text.data_logging_create
                0x0000000000000000        0xc /Users/rob/pebble-dev/PebbleSDK-2.1.1/Pebble/lib/libpebble.a(tmpypdyNWpebble.o)
 .text.data_logging_finish
                0x0000000000000000        0xc /Users/rob/pebble-dev/PebbleSDK-2.1.1/Pebble/lib/libpebble.a(tmpypdyNWpebble.o)
 .text.data_logging_log
                0x0000000000000000        0xc /Users/rob/pebble-dev/PebbleSDK-2.1.1/Pebble/lib/libpebble.a(tmpypdyNWpebble.o)
 .text.dict_calc_buffer_size
                0x0000000000000000        0xc /Users/rob/pebble-dev/PebbleSDK-2.1.1/Pebble/lib/libpebble.a(tmpypdyNWpebble.o)
 .text.dict_calc_buffer_size_from_tuplets
                0x0000000000000000        0xc /Users/rob/pebble-dev/PebbleSDK-2.1.1/Pebble/lib/libpebble.a(tmpypdyNWpebble.o)
 .text.dict_find
                0x0000000000000000        0xc /Users/rob/pebble-dev/PebbleSDK-2.1.1/Pebble/lib/libpebble.a(tmpypdyNWpebble.o)
 .text.dict_merge
                0x0000000000000000        0xc /Users/rob/pebble-dev/PebbleSDK-2.1.1/Pebble/lib/libpebble.a(tmpypdyNWpebble.o)
 .text.dict_read_begin_from_buffer
                0x0000000000000000        0xc /Users/rob/pebble-dev/PebbleSDK-2.1.1/Pebble/lib/libpebble.a(tmpypdyNWpebble.o)
 .text.dict_read_first
                0x0000000000000000        0xc /Users/rob/pebble-dev/PebbleSDK-2.1.1/Pebble/lib/libpebble.a(tmpypdyNWpebble.o)
 .text.dict_read_next
                0x0000000000000000        0xc /Users/rob/pebble-dev/PebbleSDK-2.1.1/Pebble/lib/libpebble.a(tmpypdyNWpebble.o)
 .text.dict_serialize_tuplets
                0x0000000000000000        0xc /Users/rob/pebble-dev/PebbleSDK-2.1.1/Pebble/lib/libpebble.a(tmpypdyNWpebble.o)
 .text.dict_serialize_tuplets_to_buffer__deprecated
                0x0000000000000000        0xc /Users/rob/pebble-dev/PebbleSDK-2.1.1/Pebble/lib/libpebble.a(tmpypdyNWpebble.o)
 .text.dict_serialize_tuplets_to_buffer_with_iter
                0x0000000000000000        0xc /Users/rob/pebble-dev/PebbleSDK-2.1.1/Pebble/lib/libpebble.a(tmpypdyNWpebble.o)
 .text.dict_write_begin
                0x0000000000000000        0xc /Users/rob/pebble-dev/PebbleSDK-2.1.1/Pebble/lib/libpebble.a(tmpypdyNWpebble.o)
 .text.dict_write_cstring
                0x0000000000000000        0xc /Users/rob/pebble-dev/PebbleSDK-2.1.1/Pebble/lib/libpebble.a(tmpypdyNWpebble.o)
 .text.dict_write_data
                0x0000000000000000        0xc /Users/rob/pebble-dev/PebbleSDK-2.1.1/Pebble/lib/libpebble.a(tmpypdyNWpebble.o)
 .text.dict_write_end
                0x0000000000000000        0xc /Users/rob/pebble-dev/PebbleSDK-2.1.1/Pebble/lib/libpebble.a(tmpypdyNWpebble.o)
 .text.dict_write_int
                0x0000000000000000        0xc /Users/rob/pebble-dev/PebbleSDK-2.1.1/Pebble/lib/libpebble.a(tmpypdyNWpebble.o)
 .text.dict_write_int16
                0x0000000000000000        0xc /Users/rob/pebble-dev/PebbleSDK-2.1.1/Pebble/lib/libpebble.a(tmpypdyNWpebble.o)
 .text.dict_write_int32
                0x0000000000000000        0xc /Users/rob/pebble-dev/PebbleSDK-2.1.1/Pebble/lib/libpebble.a(tmpypdyNWpebble.o)
 .text.dict_write_int8
                0x0000000000000000        0xc /Users/rob/pebble-dev/PebbleSDK-2.1.1/Pebble/lib/libpebble.a(tmpypdyNWpebble.o)
 .text.dict_write_tuplet
                0x0000000000000000        0xc /Users/rob/pebble-dev/PebbleSDK-2.1.1/Pebble/lib/libpebble.a(tmpypdyNWpebble.o)
 .text.dict_write_uint16
                0x0000000000000000        0xc /Users/rob/pebble-dev/PebbleSDK-2.1.1/Pebble/lib/libpebble.a(tmpypdyNWpebble.o)
 .text.dict_write_uint32
                0x0000000000000000        0xc /Users/rob/pebble-dev/PebbleSDK-2.1.1/Pebble/lib/libpebble.a(tmpypdyNWpebble.o)
 .text.dict_write_uint8
                0x0000000000000000        0xc /Users/rob/pebble-dev/PebbleSDK-2.1.1/Pebble/lib/libpebble.a(tmpypdyNWpebble.o)
 .text.free     0x0000000000000000        0xc /Users/rob/pebble-dev/PebbleSDK-2.1.1/Pebble/lib/libpebble.a(tmpypdyNWpebble.o)
 .text.gbitmap_create_as_sub_bitmap
                0x0000000000000000        0xc /Users/rob/pebble-dev/PebbleSDK-2.1.1/Pebble/lib/libpebble.a(tmpypdyNWpebble.o)
 .text.gbitmap_create_with_data
                0x0000000000000000        0xc /Users/rob/pebble-dev/PebbleSDK-2.1.1/Pebble/lib/libpebble.a(tmpypdyNWpebble.o)
 .text.gbitmap_create_with_resource
                0x0000000000000000        0xc /Users/rob/pebble-dev/PebbleSDK-2.1.1/Pebble/lib/libpebble.a(tmpypdyNWpebble.o)
 .text.gbitmap_destroy
                0x0000000000000000        0xc /Users/rob/pebble-dev/PebbleSDK-2.1.1/Pebble/lib/libpebble.a(tmpypdyNWpebble.o)
 .text.gmtime   0x0000000000000000        0xc /Users/rob/pebble-dev/PebbleSDK-2.1.1/Pebble/lib/libpebble.a(tmpypdyNWpebble.o)
 .text.gpath_create
                0x0000000000000000        0xc /Users/rob/pebble-dev/PebbleSDK-2.1.1/Pebble/lib/libpebble.a(tmpypdyNWpebble.o)
 .text.gpath_destroy
                0x0000000000000000        0xc /Users/rob/pebble-dev/PebbleSDK-2.1.1/Pebble/lib/libpebble.a(tmpypdyNWpebble.o)
 .text.gpath_draw_filled
                0x0000000000000000        0xc /Users/rob/pebble-dev/PebbleSDK-2.1.1/Pebble/lib/libpebble.a(tmpypdyNWpebble.o)
 .text.gpath_draw_outline
                0x0000000000000000        0xc /Users/rob/pebble-dev/PebbleSDK-2.1.1/Pebble/lib/libpebble.a(tmpypdyNWpebble.o)
 .text.gpath_move_to
                0x0000000000000000        0xc /Users/rob/pebble-dev/PebbleSDK-2.1.1/Pebble/lib/libpebble.a(tmpypdyNWpebble.o)
 .text.gpath_rotate_to
                0x0000000000000000        0xc /Users/rob/pebble-dev/PebbleSDK-2.1.1/Pebble/lib/libpebble.a(tmpypdyNWpebble.o)
 .text.gpoint_equal
                0x0000000000000000        0xc /Users/rob/pebble-dev/PebbleSDK-2.1.1/Pebble/lib/libpebble.a(tmpypdyNWpebble.o)
 .text.graphics_context_set_compositing_mode
                0x0000000000000000        0xc /Users/rob/pebble-dev/PebbleSDK-2.1.1/Pebble/lib/libpebble.a(tmpypdyNWpebble.o)
 .text.graphics_context_set_stroke_color
                0x0000000000000000        0xc /Users/rob/pebble-dev/PebbleSDK-2.1.1/Pebble/lib/libpebble.a(tmpypdyNWpebble.o)
 .text.graphics_context_set_text_color
                0x0000000000000000        0xc /Users/rob/pebble-dev/PebbleSDK-2.1.1/Pebble/lib/libpebble.a(tmpypdyNWpebble.o)
 .text.graphics_draw_bitmap_in_rect
                0x0000000000000000        0xc /Users/rob/pebble-dev/PebbleSDK-2.1.1/Pebble/lib/libpebble.a(tmpypdyNWpebble.o)
 .text.graphics_draw_circle
                0x0000000000000000        0xc /Users/rob/pebble-dev/PebbleSDK-2.1.1/Pebble/lib/libpebble.a(tmpypdyNWpebble.o)
 .text.graphics_draw_line
                0x0000000000000000        0xc /Users/rob/pebble-dev/PebbleSDK-2.1.1/Pebble/lib/libpebble.a(tmpypdyNWpebble.o)
 .text.graphics_draw_pixel
                0x0000000000000000        0xc /Users/rob/pebble-dev/PebbleSDK-2.1.1/Pebble/lib/libpebble.a(tmpypdyNWpebble.o)
 .text.graphics_draw_rect
                0x0000000000000000        0xc /Users/rob/pebble-dev/PebbleSDK-2.1.1/Pebble/lib/libpebble.a(tmpypdyNWpebble.o)
 .text.graphics_draw_round_rect
                0x0000000000000000        0xc /Users/rob/pebble-dev/PebbleSDK-2.1.1/Pebble/lib/libpebble.a(tmpypdyNWpebble.o)
 .text.graphics_fill_circle
                0x0000000000000000        0xc /Users/rob/pebble-dev/PebbleSDK-2.1.1/Pebble/lib/libpebble.a(tmpypdyNWpebble.o)
 .text.graphics_text_layout_get_max_used_size
                0x0000000000000000        0xc /Users/rob/pebble-dev/PebbleSDK-2.1.1/Pebble/lib/libpebble.a(tmpypdyNWpebble.o)
 .text.grect_align
                0x0000000000000000        0xc /Users/rob/pebble-dev/PebbleSDK-2.1.1/Pebble/lib/libpebble.a(tmpypdyNWpebble.o)
 .text.grect_center_point
                0x0000000000000000        0xc /Users/rob/pebble-dev/PebbleSDK-2.1.1/Pebble/lib/libpebble.a(tmpypdyNWpebble.o)
 .text.grect_clip
                0x0000000000000000        0xc /Users/rob/pebble-dev/PebbleSDK-2.1.1/Pebble/lib/libpebble.a(tmpypdyNWpebble.o)
 .text.grect_contains_point
                0x0000000000000000        0xc /Users/rob/pebble-dev/PebbleSDK-2.1.1/Pebble/lib/libpebble.a(tmpypdyNWpebble.o)
 .text.grect_crop
                0x0000000000000000        0xc /Users/rob/pebble-dev/PebbleSDK-2.1.1/Pebble/lib/libpebble.a(tmpypdyNWpebble.o)
 .text.grect_equal
                0x0000000000000000        0xc /Users/rob/pebble-dev/PebbleSDK-2.1.1/Pebble/lib/libpebble.a(tmpypdyNWpebble.o)
 .text.grect_is_empty
                0x0000000000000000        0xc /Users/rob/pebble-dev/PebbleSDK-2.1.1/Pebble/lib/libpebble.a(tmpypdyNWpebble.o)
 .text.grect_standardize
                0x0000000000000000        0xc /Users/rob/pebble-dev/PebbleSDK-2.1.1/Pebble/lib/libpebble.a(tmpypdyNWpebble.o)
 .text.gsize_equal
                0x0000000000000000        0xc /Users/rob/pebble-dev/PebbleSDK-2.1.1/Pebble/lib/libpebble.a(tmpypdyNWpebble.o)
 .text.layer_create_with_data
                0x0000000000000000        0xc /Users/rob/pebble-dev/PebbleSDK-2.1.1/Pebble/lib/libpebble.a(tmpypdyNWpebble.o)
 .text.layer_get_clips
                0x0000000000000000        0xc /Users/rob/pebble-dev/PebbleSDK-2.1.1/Pebble/lib/libpebble.a(tmpypdyNWpebble.o)
 .text.layer_get_data
                0x0000000000000000        0xc /Users/rob/pebble-dev/PebbleSDK-2.1.1/Pebble/lib/libpebble.a(tmpypdyNWpebble.o)
 .text.layer_get_hidden
                0x0000000000000000        0xc /Users/rob/pebble-dev/PebbleSDK-2.1.1/Pebble/lib/libpebble.a(tmpypdyNWpebble.o)
 .text.layer_get_window
                0x0000000000000000        0xc /Users/rob/pebble-dev/PebbleSDK-2.1.1/Pebble/lib/libpebble.a(tmpypdyNWpebble.o)
 .text.layer_insert_above_sibling
                0x0000000000000000        0xc /Users/rob/pebble-dev/PebbleSDK-2.1.1/Pebble/lib/libpebble.a(tmpypdyNWpebble.o)
 .text.layer_insert_below_sibling
                0x0000000000000000        0xc /Users/rob/pebble-dev/PebbleSDK-2.1.1/Pebble/lib/libpebble.a(tmpypdyNWpebble.o)
 .text.layer_mark_dirty
                0x0000000000000000        0xc /Users/rob/pebble-dev/PebbleSDK-2.1.1/Pebble/lib/libpebble.a(tmpypdyNWpebble.o)
 .text.layer_remove_child_layers
                0x0000000000000000        0xc /Users/rob/pebble-dev/PebbleSDK-2.1.1/Pebble/lib/libpebble.a(tmpypdyNWpebble.o)
 .text.layer_remove_from_parent
                0x0000000000000000        0xc /Users/rob/pebble-dev/PebbleSDK-2.1.1/Pebble/lib/libpebble.a(tmpypdyNWpebble.o)
 .text.layer_set_bounds
                0x0000000000000000        0xc /Users/rob/pebble-dev/PebbleSDK-2.1.1/Pebble/lib/libpebble.a(tmpypdyNWpebble.o)
 .text.layer_set_clips
                0x0000000000000000        0xc /Users/rob/pebble-dev/PebbleSDK-2.1.1/Pebble/lib/libpebble.a(tmpypdyNWpebble.o)
 .text.light_enable
                0x0000000000000000        0xc /Users/rob/pebble-dev/PebbleSDK-2.1.1/Pebble/lib/libpebble.a(tmpypdyNWpebble.o)
 .text.light_enable_interaction
                0x0000000000000000        0xc /Users/rob/pebble-dev/PebbleSDK-2.1.1/Pebble/lib/libpebble.a(tmpypdyNWpebble.o)
 .text.malloc   0x0000000000000000        0xc /Users/rob/pebble-dev/PebbleSDK-2.1.1/Pebble/lib/libpebble.a(tmpypdyNWpebble.o)
 .text.memcpy   0x0000000000000000        0xc /Users/rob/pebble-dev/PebbleSDK-2.1.1/Pebble/lib/libpebble.a(tmpypdyNWpebble.o)
 .text.memset   0x0000000000000000        0xc /Users/rob/pebble-dev/PebbleSDK-2.1.1/Pebble/lib/libpebble.a(tmpypdyNWpebble.o)
 .text.menu_cell_basic_draw
                0x0000000000000000        0xc /Users/rob/pebble-dev/PebbleSDK-2.1.1/Pebble/lib/libpebble.a(tmpypdyNWpebble.o)
 .text.menu_cell_basic_header_draw
                0x0000000000000000        0xc /Users/rob/pebble-dev/PebbleSDK-2.1.1/Pebble/lib/libpebble.a(tmpypdyNWpebble.o)
 .text.menu_cell_title_draw
                0x0000000000000000        0xc /Users/rob/pebble-dev/PebbleSDK-2.1.1/Pebble/lib/libpebble.a(tmpypdyNWpebble.o)
 .text.menu_index_compare
                0x0000000000000000        0xc /Users/rob/pebble-dev/PebbleSDK-2.1.1/Pebble/lib/libpebble.a(tmpypdyNWpebble.o)
 .text.menu_layer_create
                0x0000000000000000        0xc /Users/rob/pebble-dev/PebbleSDK-2.1.1/Pebble/lib/libpebble.a(tmpypdyNWpebble.o)
 .text.menu_layer_destroy
                0x0000000000000000        0xc /Users/rob/pebble-dev/PebbleSDK-2.1.1/Pebble/lib/libpebble.a(tmpypdyNWpebble.o)
 .text.menu_layer_get_layer
                0x0000000000000000        0xc /Users/rob/pebble-dev/PebbleSDK-2.1.1/Pebble/lib/libpebble.a(tmpypdyNWpebble.o)
 .text.menu_layer_get_scroll_layer
                0x0000000000000000        0xc /Users/rob/pebble-dev/PebbleSDK-2.1.1/Pebble/lib/libpebble.a(tmpypdyNWpebble.o)
 .text.menu_layer_get_selected_index
                0x0000000000000000        0xc /Users/rob/pebble-dev/PebbleSDK-2.1.1/Pebble/lib/libpebble.a(tmpypdyNWpebble.o)
 .text.menu_layer_reload_data
                0x0000000000000000        0xc /Users/rob/pebble-dev/PebbleSDK-2.1.1/Pebble/lib/libpebble.a(tmpypdyNWpebble.o)
 .text.menu_layer_set_callbacks__deprecated
                0x0000000000000000        0xc /Users/rob/pebble-dev/PebbleSDK-2.1.1/Pebble/lib/libpebble.a(tmpypdyNWpebble.o)
 .text.menu_layer_set_click_config_onto_window
                0x0000000000000000        0xc /Users/rob/pebble-dev/PebbleSDK-2.1.1/Pebble/lib/libpebble.a(tmpypdyNWpebble.o)
 .text.menu_layer_set_selected_index
                0x0000000000000000        0xc /Users/rob/pebble-dev/PebbleSDK-2.1.1/Pebble/lib/libpebble.a(tmpypdyNWpebble.o)
 .text.menu_layer_set_selected_next
                0x0000000000000000        0xc /Users/rob/pebble-dev/PebbleSDK-2.1.1/Pebble/lib/libpebble.a(tmpypdyNWpebble.o)
 .text.number_window_create
                0x0000000000000000        0xc /Users/rob/pebble-dev/PebbleSDK-2.1.1/Pebble/lib/libpebble.a(tmpypdyNWpebble.o)
 .text.number_window_destroy
                0x0000000000000000        0xc /Users/rob/pebble-dev/PebbleSDK-2.1.1/Pebble/lib/libpebble.a(tmpypdyNWpebble.o)
 .text.number_window_get_value
                0x0000000000000000        0xc /Users/rob/pebble-dev/PebbleSDK-2.1.1/Pebble/lib/libpebble.a(tmpypdyNWpebble.o)
 .text.number_window_set_label
                0x0000000000000000        0xc /Users/rob/pebble-dev/PebbleSDK-2.1.1/Pebble/lib/libpebble.a(tmpypdyNWpebble.o)
 .text.number_window_set_max
                0x0000000000000000        0xc /Users/rob/pebble-dev/PebbleSDK-2.1.1/Pebble/lib/libpebble.a(tmpypdyNWpebble.o)
 .text.number_window_set_min
                0x0000000000000000        0xc /Users/rob/pebble-dev/PebbleSDK-2.1.1/Pebble/lib/libpebble.a(tmpypdyNWpebble.o)
 .text.number_window_set_step_size
                0x0000000000000000        0xc /Users/rob/pebble-dev/PebbleSDK-2.1.1/Pebble/lib/libpebble.a(tmpypdyNWpebble.o)
 .text.number_window_set_value
                0x0000000000000000        0xc /Users/rob/pebble-dev/PebbleSDK-2.1.1/Pebble/lib/libpebble.a(tmpypdyNWpebble.o)
 .text.persist_delete
                0x0000000000000000        0xc /Users/rob/pebble-dev/PebbleSDK-2.1.1/Pebble/lib/libpebble.a(tmpypdyNWpebble.o)
 .text.persist_get_size
                0x0000000000000000        0xc /Users/rob/pebble-dev/PebbleSDK-2.1.1/Pebble/lib/libpebble.a(tmpypdyNWpebble.o)
 .text.persist_read_bool
                0x0000000000000000        0xc /Users/rob/pebble-dev/PebbleSDK-2.1.1/Pebble/lib/libpebble.a(tmpypdyNWpebble.o)
 .text.persist_read_data__deprecated
                0x0000000000000000        0xc /Users/rob/pebble-dev/PebbleSDK-2.1.1/Pebble/lib/libpebble.a(tmpypdyNWpebble.o)
 .text.persist_read_string__deprecated
                0x0000000000000000        0xc /Users/rob/pebble-dev/PebbleSDK-2.1.1/Pebble/lib/libpebble.a(tmpypdyNWpebble.o)
 .text.persist_write_bool
                0x0000000000000000        0xc /Users/rob/pebble-dev/PebbleSDK-2.1.1/Pebble/lib/libpebble.a(tmpypdyNWpebble.o)
 .text.persist_write_data__deprecated
                0x0000000000000000        0xc /Users/rob/pebble-dev/PebbleSDK-2.1.1/Pebble/lib/libpebble.a(tmpypdyNWpebble.o)
 .text.persist_write_string
                0x0000000000000000        0xc /Users/rob/pebble-dev/PebbleSDK-2.1.1/Pebble/lib/libpebble.a(tmpypdyNWpebble.o)
 .text.property_animation_create
                0x0000000000000000        0xc /Users/rob/pebble-dev/PebbleSDK-2.1.1/Pebble/lib/libpebble.a(tmpypdyNWpebble.o)
 .text.property_animation_create_layer_frame
                0x0000000000000000        0xc /Users/rob/pebble-dev/PebbleSDK-2.1.1/Pebble/lib/libpebble.a(tmpypdyNWpebble.o)
 .text.property_animation_destroy
                0x0000000000000000        0xc /Users/rob/pebble-dev/PebbleSDK-2.1.1/Pebble/lib/libpebble.a(tmpypdyNWpebble.o)
 .text.property_animation_update_gpoint
                0x0000000000000000        0xc /Users/rob/pebble-dev/PebbleSDK-2.1.1/Pebble/lib/libpebble.a(tmpypdyNWpebble.o)
 .text.property_animation_update_grect
                0x0000000000000000        0xc /Users/rob/pebble-dev/PebbleSDK-2.1.1/Pebble/lib/libpebble.a(tmpypdyNWpebble.o)
 .text.property_animation_update_int16
                0x0000000000000000        0xc /Users/rob/pebble-dev/PebbleSDK-2.1.1/Pebble/lib/libpebble.a(tmpypdyNWpebble.o)
 .text.psleep   0x0000000000000000        0xc /Users/rob/pebble-dev/PebbleSDK-2.1.1/Pebble/lib/libpebble.a(tmpypdyNWpebble.o)
 .text.rand     0x0000000000000000        0xc /Users/rob/pebble-dev/PebbleSDK-2.1.1/Pebble/lib/libpebble.a(tmpypdyNWpebble.o)
 .text.resource_load
                0x0000000000000000        0xc /Users/rob/pebble-dev/PebbleSDK-2.1.1/Pebble/lib/libpebble.a(tmpypdyNWpebble.o)
 .text.resource_load_byte_range
                0x0000000000000000        0xc /Users/rob/pebble-dev/PebbleSDK-2.1.1/Pebble/lib/libpebble.a(tmpypdyNWpebble.o)
 .text.resource_size
                0x0000000000000000        0xc /Users/rob/pebble-dev/PebbleSDK-2.1.1/Pebble/lib/libpebble.a(tmpypdyNWpebble.o)
 .text.rot_bitmap_layer_create
                0x0000000000000000        0xc /Users/rob/pebble-dev/PebbleSDK-2.1.1/Pebble/lib/libpebble.a(tmpypdyNWpebble.o)
 .text.rot_bitmap_layer_destroy
                0x0000000000000000        0xc /Users/rob/pebble-dev/PebbleSDK-2.1.1/Pebble/lib/libpebble.a(tmpypdyNWpebble.o)
 .text.rot_bitmap_layer_increment_angle
                0x0000000000000000        0xc /Users/rob/pebble-dev/PebbleSDK-2.1.1/Pebble/lib/libpebble.a(tmpypdyNWpebble.o)
 .text.rot_bitmap_layer_set_angle
                0x0000000000000000        0xc /Users/rob/pebble-dev/PebbleSDK-2.1.1/Pebble/lib/libpebble.a(tmpypdyNWpebble.o)
 .text.rot_bitmap_layer_set_corner_clip_color
                0x0000000000000000        0xc /Users/rob/pebble-dev/PebbleSDK-2.1.1/Pebble/lib/libpebble.a(tmpypdyNWpebble.o)
 .text.rot_bitmap_set_compositing_mode
                0x0000000000000000        0xc /Users/rob/pebble-dev/PebbleSDK-2.1.1/Pebble/lib/libpebble.a(tmpypdyNWpebble.o)
 .text.rot_bitmap_set_src_ic
                0x0000000000000000        0xc /Users/rob/pebble-dev/PebbleSDK-2.1.1/Pebble/lib/libpebble.a(tmpypdyNWpebble.o)
 .text.scroll_layer_add_child
                0x0000000000000000        0xc /Users/rob/pebble-dev/PebbleSDK-2.1.1/Pebble/lib/libpebble.a(tmpypdyNWpebble.o)
 .text.scroll_layer_create
                0x0000000000000000        0xc /Users/rob/pebble-dev/PebbleSDK-2.1.1/Pebble/lib/libpebble.a(tmpypdyNWpebble.o)
 .text.scroll_layer_destroy
                0x0000000000000000        0xc /Users/rob/pebble-dev/PebbleSDK-2.1.1/Pebble/lib/libpebble.a(tmpypdyNWpebble.o)
 .text.scroll_layer_get_content_offset
                0x0000000000000000        0xc /Users/rob/pebble-dev/PebbleSDK-2.1.1/Pebble/lib/libpebble.a(tmpypdyNWpebble.o)
 .text.scroll_layer_get_content_size
                0x0000000000000000        0xc /Users/rob/pebble-dev/PebbleSDK-2.1.1/Pebble/lib/libpebble.a(tmpypdyNWpebble.o)
 .text.scroll_layer_get_layer
                0x0000000000000000        0xc /Users/rob/pebble-dev/PebbleSDK-2.1.1/Pebble/lib/libpebble.a(tmpypdyNWpebble.o)
 .text.scroll_layer_get_shadow_hidden
                0x0000000000000000        0xc /Users/rob/pebble-dev/PebbleSDK-2.1.1/Pebble/lib/libpebble.a(tmpypdyNWpebble.o)
 .text.scroll_layer_scroll_down_click_handler
                0x0000000000000000        0xc /Users/rob/pebble-dev/PebbleSDK-2.1.1/Pebble/lib/libpebble.a(tmpypdyNWpebble.o)
 .text.scroll_layer_scroll_up_click_handler
                0x0000000000000000        0xc /Users/rob/pebble-dev/PebbleSDK-2.1.1/Pebble/lib/libpebble.a(tmpypdyNWpebble.o)
 .text.scroll_layer_set_callbacks
                0x0000000000000000        0xc /Users/rob/pebble-dev/PebbleSDK-2.1.1/Pebble/lib/libpebble.a(tmpypdyNWpebble.o)
 .text.scroll_layer_set_click_config_onto_window
                0x0000000000000000        0xc /Users/rob/pebble-dev/PebbleSDK-2.1.1/Pebble/lib/libpebble.a(tmpypdyNWpebble.o)
 .text.scroll_layer_set_content_offset
                0x0000000000000000        0xc /Users/rob/pebble-dev/PebbleSDK-2.1.1/Pebble/lib/libpebble.a(tmpypdyNWpebble.o)
 .text.scroll_layer_set_content_size
                0x0000000000000000        0xc /Users/rob/pebble-dev/PebbleSDK-2.1.1/Pebble/lib/libpebble.a(tmpypdyNWpebble.o)
 .text.scroll_layer_set_context
                0x0000000000000000        0xc /Users/rob/pebble-dev/PebbleSDK-2.1.1/Pebble/lib/libpebble.a(tmpypdyNWpebble.o)
 .text.scroll_layer_set_frame
                0x0000000000000000        0xc /Users/rob/pebble-dev/PebbleSDK-2.1.1/Pebble/lib/libpebble.a(tmpypdyNWpebble.o)
 .text.scroll_layer_set_shadow_hidden
                0x0000000000000000        0xc /Users/rob/pebble-dev/PebbleSDK-2.1.1/Pebble/lib/libpebble.a(tmpypdyNWpebble.o)
 .text.simple_menu_layer_create
                0x0000000000000000        0xc /Users/rob/pebble-dev/PebbleSDK-2.1.1/Pebble/lib/libpebble.a(tmpypdyNWpebble.o)
 .text.simple_menu_layer_destroy
                0x0000000000000000        0xc /Users/rob/pebble-dev/PebbleSDK-2.1.1/Pebble/lib/libpebble.a(tmpypdyNWpebble.o)
 .text.simple_menu_layer_get_layer
                0x0000000000000000        0xc /Users/rob/pebble-dev/PebbleSDK-2.1.1/Pebble/lib/libpebble.a(tmpypdyNWpebble.o)
 .text.simple_menu_layer_get_selected_index
                0x0000000000000000        0xc /Users/rob/pebble-dev/PebbleSDK-2.1.1/Pebble/lib/libpebble.a(tmpypdyNWpebble.o)
 .text.simple_menu_layer_set_selected_index
                0x0000000000000000        0xc /Users/rob/pebble-dev/PebbleSDK-2.1.1/Pebble/lib/libpebble.a(tmpypdyNWpebble.o)
 .text.sin_lookup
                0x0000000000000000        0xc /Users/rob/pebble-dev/PebbleSDK-2.1.1/Pebble/lib/libpebble.a(tmpypdyNWpebble.o)
 .text.snprintf
                0x0000000000000000        0xc /Users/rob/pebble-dev/PebbleSDK-2.1.1/Pebble/lib/libpebble.a(tmpypdyNWpebble.o)
 .text.srand    0x0000000000000000        0xc /Users/rob/pebble-dev/PebbleSDK-2.1.1/Pebble/lib/libpebble.a(tmpypdyNWpebble.o)
 .text.strcat   0x0000000000000000        0xc /Users/rob/pebble-dev/PebbleSDK-2.1.1/Pebble/lib/libpebble.a(tmpypdyNWpebble.o)
 .text.strcmp   0x0000000000000000        0xc /Users/rob/pebble-dev/PebbleSDK-2.1.1/Pebble/lib/libpebble.a(tmpypdyNWpebble.o)
 .text.strcpy   0x0000000000000000        0xc /Users/rob/pebble-dev/PebbleSDK-2.1.1/Pebble/lib/libpebble.a(tmpypdyNWpebble.o)
 .text.strlen   0x0000000000000000        0xc /Users/rob/pebble-dev/PebbleSDK-2.1.1/Pebble/lib/libpebble.a(tmpypdyNWpebble.o)
 .text.strncat  0x0000000000000000        0xc /Users/rob/pebble-dev/PebbleSDK-2.1.1/Pebble/lib/libpebble.a(tmpypdyNWpebble.o)
 .text.strncmp  0x0000000000000000        0xc /Users/rob/pebble-dev/PebbleSDK-2.1.1/Pebble/lib/libpebble.a(tmpypdyNWpebble.o)
 .text.strncpy  0x0000000000000000        0xc /Users/rob/pebble-dev/PebbleSDK-2.1.1/Pebble/lib/libpebble.a(tmpypdyNWpebble.o)
 .text.text_layer_get_content_size
                0x0000000000000000        0xc /Users/rob/pebble-dev/PebbleSDK-2.1.1/Pebble/lib/libpebble.a(tmpypdyNWpebble.o)
 .text.text_layer_get_text
                0x0000000000000000        0xc /Users/rob/pebble-dev/PebbleSDK-2.1.1/Pebble/lib/libpebble.a(tmpypdyNWpebble.o)
 .text.text_layer_set_size
                0x0000000000000000        0xc /Users/rob/pebble-dev/PebbleSDK-2.1.1/Pebble/lib/libpebble.a(tmpypdyNWpebble.o)
 .text.time_ms  0x0000000000000000        0xc /Users/rob/pebble-dev/PebbleSDK-2.1.1/Pebble/lib/libpebble.a(tmpypdyNWpebble.o)
 .text.vibes_cancel
                0x0000000000000000        0xc /Users/rob/pebble-dev/PebbleSDK-2.1.1/Pebble/lib/libpebble.a(tmpypdyNWpebble.o)
 .text.vibes_double_pulse
                0x0000000000000000        0xc /Users/rob/pebble-dev/PebbleSDK-2.1.1/Pebble/lib/libpebble.a(tmpypdyNWpebble.o)
 .text.vibes_enqueue_custom_pattern
                0x0000000000000000        0xc /Users/rob/pebble-dev/PebbleSDK-2.1.1/Pebble/lib/libpebble.a(tmpypdyNWpebble.o)
 .text.vibes_long_pulse
                0x0000000000000000        0xc /Users/rob/pebble-dev/PebbleSDK-2.1.1/Pebble/lib/libpebble.a(tmpypdyNWpebble.o)
 .text.window_get_click_config_provider
                0x0000000000000000        0xc /Users/rob/pebble-dev/PebbleSDK-2.1.1/Pebble/lib/libpebble.a(tmpypdyNWpebble.o)
 .text.window_get_fullscreen
                0x0000000000000000        0xc /Users/rob/pebble-dev/PebbleSDK-2.1.1/Pebble/lib/libpebble.a(tmpypdyNWpebble.o)
 .text.window_is_loaded
                0x0000000000000000        0xc /Users/rob/pebble-dev/PebbleSDK-2.1.1/Pebble/lib/libpebble.a(tmpypdyNWpebble.o)
 .text.window_set_click_config_provider
                0x0000000000000000        0xc /Users/rob/pebble-dev/PebbleSDK-2.1.1/Pebble/lib/libpebble.a(tmpypdyNWpebble.o)
 .text.window_set_click_config_provider_with_context
                0x0000000000000000        0xc /Users/rob/pebble-dev/PebbleSDK-2.1.1/Pebble/lib/libpebble.a(tmpypdyNWpebble.o)
 .text.window_set_fullscreen
                0x0000000000000000        0xc /Users/rob/pebble-dev/PebbleSDK-2.1.1/Pebble/lib/libpebble.a(tmpypdyNWpebble.o)
 .text.window_set_status_bar_icon
                0x0000000000000000        0xc /Users/rob/pebble-dev/PebbleSDK-2.1.1/Pebble/lib/libpebble.a(tmpypdyNWpebble.o)
 .text.window_set_window_handlers
                0x0000000000000000        0xc /Users/rob/pebble-dev/PebbleSDK-2.1.1/Pebble/lib/libpebble.a(tmpypdyNWpebble.o)
 .text.window_stack_contains_window
                0x0000000000000000        0xc /Users/rob/pebble-dev/PebbleSDK-2.1.1/Pebble/lib/libpebble.a(tmpypdyNWpebble.o)
 .text.window_stack_get_top_window
                0x0000000000000000        0xc /Users/rob/pebble-dev/PebbleSDK-2.1.1/Pebble/lib/libpebble.a(tmpypdyNWpebble.o)
 .text.window_stack_pop
                0x0000000000000000        0xc /Users/rob/pebble-dev/PebbleSDK-2.1.1/Pebble/lib/libpebble.a(tmpypdyNWpebble.o)
 .text.window_stack_pop_all
                0x0000000000000000        0xc /Users/rob/pebble-dev/PebbleSDK-2.1.1/Pebble/lib/libpebble.a(tmpypdyNWpebble.o)
 .text.window_stack_remove
                0x0000000000000000        0xc /Users/rob/pebble-dev/PebbleSDK-2.1.1/Pebble/lib/libpebble.a(tmpypdyNWpebble.o)
 .text.app_focus_service_subscribe
                0x0000000000000000        0xc /Users/rob/pebble-dev/PebbleSDK-2.1.1/Pebble/lib/libpebble.a(tmpypdyNWpebble.o)
 .text.app_focus_service_unsubscribe
                0x0000000000000000        0xc /Users/rob/pebble-dev/PebbleSDK-2.1.1/Pebble/lib/libpebble.a(tmpypdyNWpebble.o)
 .text.window_get_user_data
                0x0000000000000000        0xc /Users/rob/pebble-dev/PebbleSDK-2.1.1/Pebble/lib/libpebble.a(tmpypdyNWpebble.o)
 .text.window_set_user_data
                0x0000000000000000        0xc /Users/rob/pebble-dev/PebbleSDK-2.1.1/Pebble/lib/libpebble.a(tmpypdyNWpebble.o)
 .text.app_message_get_context
                0x0000000000000000        0xc /Users/rob/pebble-dev/PebbleSDK-2.1.1/Pebble/lib/libpebble.a(tmpypdyNWpebble.o)
 .text.app_message_inbox_size_maximum
                0x0000000000000000        0xc /Users/rob/pebble-dev/PebbleSDK-2.1.1/Pebble/lib/libpebble.a(tmpypdyNWpebble.o)
 .text.app_message_outbox_begin
                0x0000000000000000        0xc /Users/rob/pebble-dev/PebbleSDK-2.1.1/Pebble/lib/libpebble.a(tmpypdyNWpebble.o)
 .text.app_message_outbox_send
                0x0000000000000000        0xc /Users/rob/pebble-dev/PebbleSDK-2.1.1/Pebble/lib/libpebble.a(tmpypdyNWpebble.o)
 .text.app_message_outbox_size_maximum
                0x0000000000000000        0xc /Users/rob/pebble-dev/PebbleSDK-2.1.1/Pebble/lib/libpebble.a(tmpypdyNWpebble.o)
 .text.app_message_register_inbox_dropped
                0x0000000000000000        0xc /Users/rob/pebble-dev/PebbleSDK-2.1.1/Pebble/lib/libpebble.a(tmpypdyNWpebble.o)
 .text.app_message_register_inbox_received
                0x0000000000000000        0xc /Users/rob/pebble-dev/PebbleSDK-2.1.1/Pebble/lib/libpebble.a(tmpypdyNWpebble.o)
 .text.app_message_register_outbox_failed
                0x0000000000000000        0xc /Users/rob/pebble-dev/PebbleSDK-2.1.1/Pebble/lib/libpebble.a(tmpypdyNWpebble.o)
 .text.app_message_register_outbox_sent
                0x0000000000000000        0xc /Users/rob/pebble-dev/PebbleSDK-2.1.1/Pebble/lib/libpebble.a(tmpypdyNWpebble.o)
 .text.app_message_set_context
                0x0000000000000000        0xc /Users/rob/pebble-dev/PebbleSDK-2.1.1/Pebble/lib/libpebble.a(tmpypdyNWpebble.o)
 .text.window_long_click_subscribe
                0x0000000000000000        0xc /Users/rob/pebble-dev/PebbleSDK-2.1.1/Pebble/lib/libpebble.a(tmpypdyNWpebble.o)
 .text.window_multi_click_subscribe
                0x0000000000000000        0xc /Users/rob/pebble-dev/PebbleSDK-2.1.1/Pebble/lib/libpebble.a(tmpypdyNWpebble.o)
 .text.window_raw_click_subscribe
                0x0000000000000000        0xc /Users/rob/pebble-dev/PebbleSDK-2.1.1/Pebble/lib/libpebble.a(tmpypdyNWpebble.o)
 .text.window_set_click_context
                0x0000000000000000        0xc /Users/rob/pebble-dev/PebbleSDK-2.1.1/Pebble/lib/libpebble.a(tmpypdyNWpebble.o)
 .text.window_single_click_subscribe
                0x0000000000000000        0xc /Users/rob/pebble-dev/PebbleSDK-2.1.1/Pebble/lib/libpebble.a(tmpypdyNWpebble.o)
 .text.window_single_repeating_click_subscribe
                0x0000000000000000        0xc /Users/rob/pebble-dev/PebbleSDK-2.1.1/Pebble/lib/libpebble.a(tmpypdyNWpebble.o)
 .text.graphics_draw_text
                0x0000000000000000        0xc /Users/rob/pebble-dev/PebbleSDK-2.1.1/Pebble/lib/libpebble.a(tmpypdyNWpebble.o)
 .text.dict_serialize_tuplets_to_buffer
                0x0000000000000000        0xc /Users/rob/pebble-dev/PebbleSDK-2.1.1/Pebble/lib/libpebble.a(tmpypdyNWpebble.o)
 .text.persist_read_data
                0x0000000000000000        0xc /Users/rob/pebble-dev/PebbleSDK-2.1.1/Pebble/lib/libpebble.a(tmpypdyNWpebble.o)
 .text.persist_read_string
                0x0000000000000000        0xc /Users/rob/pebble-dev/PebbleSDK-2.1.1/Pebble/lib/libpebble.a(tmpypdyNWpebble.o)
 .text.persist_write_data
                0x0000000000000000        0xc /Users/rob/pebble-dev/PebbleSDK-2.1.1/Pebble/lib/libpebble.a(tmpypdyNWpebble.o)
 .text.dict_size
                0x0000000000000000        0xc /Users/rob/pebble-dev/PebbleSDK-2.1.1/Pebble/lib/libpebble.a(tmpypdyNWpebble.o)
 .text.graphics_text_layout_get_content_size
                0x0000000000000000        0xc /Users/rob/pebble-dev/PebbleSDK-2.1.1/Pebble/lib/libpebble.a(tmpypdyNWpebble.o)
 .text.simple_menu_layer_get_menu_layer
                0x0000000000000000        0xc /Users/rob/pebble-dev/PebbleSDK-2.1.1/Pebble/lib/libpebble.a(tmpypdyNWpebble.o)
 .text.accel_data_service_subscribe
                0x0000000000000000        0xc /Users/rob/pebble-dev/PebbleSDK-2.1.1/Pebble/lib/libpebble.a(tmpypdyNWpebble.o)
 .text.calloc   0x0000000000000000        0xc /Users/rob/pebble-dev/PebbleSDK-2.1.1/Pebble/lib/libpebble.a(tmpypdyNWpebble.o)
 .text.bitmap_layer_get_bitmap
                0x0000000000000000        0xc /Users/rob/pebble-dev/PebbleSDK-2.1.1/Pebble/lib/libpebble.a(tmpypdyNWpebble.o)
 .text.menu_layer_set_callbacks
                0x0000000000000000        0xc /Users/rob/pebble-dev/PebbleSDK-2.1.1/Pebble/lib/libpebble.a(tmpypdyNWpebble.o)
 .text.window_get_click_config_context
                0x0000000000000000        0xc /Users/rob/pebble-dev/PebbleSDK-2.1.1/Pebble/lib/libpebble.a(tmpypdyNWpebble.o)
 .text          0x0000000000000000        0x0 /Users/rob/pebble-dev/PebbleSDK-2.1.1/arm-cs-tools/bin/../lib/gcc/arm-none-eabi/4.7.2/thumb2/crtend.o
 .bss           0x0000000000000000        0x0 /Users/rob/pebble-dev/PebbleSDK-2.1.1/arm-cs-tools/bin/../lib/gcc/arm-none-eabi/4.7.2/thumb2/crtend.o
 .eh_frame      0x0000000000000000        0x4 /Users/rob/pebble-dev/PebbleSDK-2.1.1/arm-cs-tools/bin/../lib/gcc/arm-none-eabi/4.7.2/thumb2/crtend.o
 .jcr           0x0000000000000000        0x4 /Users/rob/pebble-dev/PebbleSDK-2.1.1/arm-cs-tools/bin/../lib/gcc/arm-none-eabi/4.7.2/thumb2/crtend.o
 .tm_clone_table
                0x0000000000000000        0x0 /Users/rob/pebble-dev/PebbleSDK-2.1.1/arm-cs-tools/bin/../lib/gcc/arm-none-eabi/4.7.2/thumb2/crtend.o
 .text          0x0000000000000000        0x0 /Users/rob/pebble-dev/PebbleSDK-2.1.1/arm-cs-tools/bin/../lib/gcc/arm-none-eabi/4.7.2/thumb2/crtn.o
 .bss           0x0000000000000000        0x0 /Users/rob/pebble-dev/PebbleSDK-2.1.1/arm-cs-tools/bin/../lib/gcc/arm-none-eabi/4.7.2/thumb2/crtn.o
 .init          0x0000000000000000        0x8 /Users/rob/pebble-dev/PebbleSDK-2.1.1/arm-cs-tools/bin/../lib/gcc/arm-none-eabi/4.7.2/thumb2/crtn.o
 .fini          0x0000000000000000        0x8 /Users/rob/pebble-dev/PebbleSDK-2.1.1/arm-cs-tools/bin/../lib/gcc/arm-none-eabi/4.7.2/thumb2/crtn.o

Memory Configuration

Name             Origin             Length             Attributes
APP              0x0000000000000000 0x0000000000006000 xrw
*default*        0x0000000000000000 0xffffffffffffffff

Linker script and memory map

LOAD /Users/rob/pebble-dev/PebbleSDK-2.1.1/arm-cs-tools/bin/../lib/gcc/arm-none-eabi/4.7.2/thumb2/crti.o
LOAD /Users/rob/pebble-dev/PebbleSDK-2.1.1/arm-cs-tools/bin/../lib/gcc/arm-none-eabi/4.7.2/thumb2/crtbegin.o
LOAD src/bluetooth.c.18.o
LOAD src/substance.c.18.o
LOAD appinfo.auto.c.18.o
LOAD /Users/rob/pebble-dev/PebbleSDK-2.1.1/Pebble/lib/libpebble.a
START GROUP
LOAD /Users/rob/pebble-dev/PebbleSDK-2.1.1/arm-cs-tools/bin/../lib/gcc/arm-none-eabi/4.7.2/thumb2/libgcc.a
LOAD /Users/rob/pebble-dev/PebbleSDK-2.1.1/arm-cs-tools/bin/../lib/gcc/arm-none-eabi/4.7.2/../../../../arm-none-eabi/lib/thumb2/libc.a
END GROUP
LOAD /Users/rob/pebble-dev/PebbleSDK-2.1.1/arm-cs-tools/bin/../lib/gcc/arm-none-eabi/4.7.2/thumb2/crtend.o
LOAD /Users/rob/pebble-dev/PebbleSDK-2.1.1/arm-cs-tools/bin/../lib/gcc/arm-none-eabi/4.7.2/thumb2/crtn.o

.header         0x0000000000000000       0x82
 *(.pbl_header)
 .pbl_header    0x0000000000000000       0x82 appinfo.auto.c.18.o
                0x0000000000000000                __pbl_app_info

.text           0x0000000000000084     0x1c1b
 *(.text)
 .text          0x0000000000000084       0x14 /Users/rob/pebble-dev/PebbleSDK-2.1.1/Pebble/lib/libpebble.a(tmpypdyNWpebble.o)
 *(.text.*)
 .text.handle_bluetooth
                0x0000000000000098       0x3c src/bluetooth.c.18.o
                0x0000000000000098                handle_bluetooth
 .text.bluetooth_init
                0x00000000000000d4       0x38 src/bluetooth.c.18.o
                0x00000000000000d4                bluetooth_init
 .text.bluetooth_deinit
                0x000000000000010c       0x38 src/bluetooth.c.18.o
                0x000000000000010c                bluetooth_deinit
 .text.app_error_callback
                0x0000000000000144       0x20 src/substance.c.18.o
 .text.handle_battery
                0x0000000000000164       0xc0 src/substance.c.18.o
 .text.black_layer_update_callback
                0x0000000000000224       0x28 src/substance.c.18.o
                0x0000000000000224                black_layer_update_callback
 .text.white_layer_update_callback
                0x000000000000024c       0x28 src/substance.c.18.o
                0x000000000000024c                white_layer_update_callback
 .text.seconds_layer_update_callback
                0x0000000000000274       0x28 src/substance.c.18.o
                0x0000000000000274                seconds_layer_update_callback
 .text.line_layer_update_callback
                0x000000000000029c       0x28 src/substance.c.18.o
                0x000000000000029c                line_layer_update_callback
 .text.getSunInt
                0x00000000000002c4       0x20 src/substance.c.18.o
                0x00000000000002c4                getSunInt
 .text.setScreenInversion
                0x00000000000002e4      0x11c src/substance.c.18.o
                0x00000000000002e4                setScreenInversion
 .text.fontSwitch
                0x0000000000000400      0x274 src/substance.c.18.o
                0x0000000000000400                fontSwitch
 .text.accel_tap_handler
                0x0000000000000674       0x24 src/substance.c.18.o
                0x0000000000000674                accel_tap_handler
 .text.countdown_routines
                0x0000000000000698       0xd0 src/substance.c.18.o
                0x0000000000000698                countdown_routines
 .text.display_time
                0x0000000000000768      0x1a4 src/substance.c.18.o
                0x0000000000000768                display_time
 .text.handle_tick
                0x000000000000090c        0x4 src/substance.c.18.o
 .text.tuple_changed_callback
                0x0000000000000910      0x2b0 src/substance.c.18.o
 .text.read_persist
                0x0000000000000bc0      0x1e4 src/substance.c.18.o
                0x0000000000000bc0                read_persist
 .text.handle_init
                0x0000000000000da4      0x628 src/substance.c.18.o
                0x0000000000000da4                handle_init
 .text.handle_deinit
                0x00000000000013cc      0x124 src/substance.c.18.o
                0x00000000000013cc                handle_deinit
 .text.startup.main
                0x00000000000014f0       0x12 src/substance.c.18.o
                0x00000000000014f0                main
 *fill*         0x0000000000001502        0x2 
 .text.accel_data_service_unsubscribe
                0x0000000000001504        0xc /Users/rob/pebble-dev/PebbleSDK-2.1.1/Pebble/lib/libpebble.a(tmpypdyNWpebble.o)
                0x0000000000001504                accel_data_service_unsubscribe
 .text.accel_tap_service_subscribe
                0x0000000000001510        0xc /Users/rob/pebble-dev/PebbleSDK-2.1.1/Pebble/lib/libpebble.a(tmpypdyNWpebble.o)
                0x0000000000001510                accel_tap_service_subscribe
 .text.app_event_loop
                0x000000000000151c        0xc /Users/rob/pebble-dev/PebbleSDK-2.1.1/Pebble/lib/libpebble.a(tmpypdyNWpebble.o)
                0x000000000000151c                app_event_loop
 .text.app_log  0x0000000000001528        0xc /Users/rob/pebble-dev/PebbleSDK-2.1.1/Pebble/lib/libpebble.a(tmpypdyNWpebble.o)
                0x0000000000001528                app_log
 .text.app_message_open
                0x0000000000001534        0xc /Users/rob/pebble-dev/PebbleSDK-2.1.1/Pebble/lib/libpebble.a(tmpypdyNWpebble.o)
                0x0000000000001534                app_message_open
 .text.app_sync_deinit
                0x0000000000001540        0xc /Users/rob/pebble-dev/PebbleSDK-2.1.1/Pebble/lib/libpebble.a(tmpypdyNWpebble.o)
                0x0000000000001540                app_sync_deinit
 .text.app_sync_init
                0x000000000000154c        0xc /Users/rob/pebble-dev/PebbleSDK-2.1.1/Pebble/lib/libpebble.a(tmpypdyNWpebble.o)
                0x000000000000154c                app_sync_init
 .text.battery_state_service_peek
                0x0000000000001558        0xc /Users/rob/pebble-dev/PebbleSDK-2.1.1/Pebble/lib/libpebble.a(tmpypdyNWpebble.o)
                0x0000000000001558                battery_state_service_peek
 .text.battery_state_service_subscribe
                0x0000000000001564        0xc /Users/rob/pebble-dev/PebbleSDK-2.1.1/Pebble/lib/libpebble.a(tmpypdyNWpebble.o)
                0x0000000000001564                battery_state_service_subscribe
 .text.battery_state_service_unsubscribe
                0x0000000000001570        0xc /Users/rob/pebble-dev/PebbleSDK-2.1.1/Pebble/lib/libpebble.a(tmpypdyNWpebble.o)
                0x0000000000001570                battery_state_service_unsubscribe
 .text.bluetooth_connection_service_peek
                0x000000000000157c        0xc /Users/rob/pebble-dev/PebbleSDK-2.1.1/Pebble/lib/libpebble.a(tmpypdyNWpebble.o)
                0x000000000000157c                bluetooth_connection_service_peek
 .text.bluetooth_connection_service_subscribe
                0x0000000000001588        0xc /Users/rob/pebble-dev/PebbleSDK-2.1.1/Pebble/lib/libpebble.a(tmpypdyNWpebble.o)
                0x0000000000001588                bluetooth_connection_service_subscribe
 .text.bluetooth_connection_service_unsubscribe
                0x0000000000001594        0xc /Users/rob/pebble-dev/PebbleSDK-2.1.1/Pebble/lib/libpebble.a(tmpypdyNWpebble.o)
                0x0000000000001594                bluetooth_connection_service_unsubscribe
 .text.clock_is_24h_style
                0x00000000000015a0        0xc /Users/rob/pebble-dev/PebbleSDK-2.1.1/Pebble/lib/libpebble.a(tmpypdyNWpebble.o)
                0x00000000000015a0                clock_is_24h_style
 .text.fonts_get_system_font
                0x00000000000015ac        0xc /Users/rob/pebble-dev/PebbleSDK-2.1.1/Pebble/lib/libpebble.a(tmpypdyNWpebble.o)
                0x00000000000015ac                fonts_get_system_font
 .text.fonts_load_custom_font
                0x00000000000015b8        0xc /Users/rob/pebble-dev/PebbleSDK-2.1.1/Pebble/lib/libpebble.a(tmpypdyNWpebble.o)
                0x00000000000015b8                fonts_load_custom_font
 .text.fonts_unload_custom_font
                0x00000000000015c4        0xc /Users/rob/pebble-dev/PebbleSDK-2.1.1/Pebble/lib/libpebble.a(tmpypdyNWpebble.o)
                0x00000000000015c4                fonts_unload_custom_font
 .text.graphics_context_set_fill_color
                0x00000000000015d0        0xc /Users/rob/pebble-dev/PebbleSDK-2.1.1/Pebble/lib/libpebble.a(tmpypdyNWpebble.o)
                0x00000000000015d0                graphics_context_set_fill_color
 .text.graphics_fill_rect
                0x00000000000015dc        0xc /Users/rob/pebble-dev/PebbleSDK-2.1.1/Pebble/lib/libpebble.a(tmpypdyNWpebble.o)
                0x00000000000015dc                graphics_fill_rect
 .text.inverter_layer_create
                0x00000000000015e8        0xc /Users/rob/pebble-dev/PebbleSDK-2.1.1/Pebble/lib/libpebble.a(tmpypdyNWpebble.o)
                0x00000000000015e8                inverter_layer_create
 .text.inverter_layer_destroy
                0x00000000000015f4        0xc /Users/rob/pebble-dev/PebbleSDK-2.1.1/Pebble/lib/libpebble.a(tmpypdyNWpebble.o)
                0x00000000000015f4                inverter_layer_destroy
 .text.inverter_layer_get_layer
                0x0000000000001600        0xc /Users/rob/pebble-dev/PebbleSDK-2.1.1/Pebble/lib/libpebble.a(tmpypdyNWpebble.o)
                0x0000000000001600                inverter_layer_get_layer
 .text.layer_add_child
                0x000000000000160c        0xc /Users/rob/pebble-dev/PebbleSDK-2.1.1/Pebble/lib/libpebble.a(tmpypdyNWpebble.o)
                0x000000000000160c                layer_add_child
 .text.layer_create
                0x0000000000001618        0xc /Users/rob/pebble-dev/PebbleSDK-2.1.1/Pebble/lib/libpebble.a(tmpypdyNWpebble.o)
                0x0000000000001618                layer_create
 .text.layer_destroy
                0x0000000000001624        0xc /Users/rob/pebble-dev/PebbleSDK-2.1.1/Pebble/lib/libpebble.a(tmpypdyNWpebble.o)
                0x0000000000001624                layer_destroy
 .text.layer_get_bounds
                0x0000000000001630        0xc /Users/rob/pebble-dev/PebbleSDK-2.1.1/Pebble/lib/libpebble.a(tmpypdyNWpebble.o)
                0x0000000000001630                layer_get_bounds
 .text.layer_get_frame
                0x000000000000163c        0xc /Users/rob/pebble-dev/PebbleSDK-2.1.1/Pebble/lib/libpebble.a(tmpypdyNWpebble.o)
                0x000000000000163c                layer_get_frame
 .text.layer_set_frame
                0x0000000000001648        0xc /Users/rob/pebble-dev/PebbleSDK-2.1.1/Pebble/lib/libpebble.a(tmpypdyNWpebble.o)
                0x0000000000001648                layer_set_frame
 .text.layer_set_hidden
                0x0000000000001654        0xc /Users/rob/pebble-dev/PebbleSDK-2.1.1/Pebble/lib/libpebble.a(tmpypdyNWpebble.o)
                0x0000000000001654                layer_set_hidden
 .text.layer_set_update_proc
                0x0000000000001660        0xc /Users/rob/pebble-dev/PebbleSDK-2.1.1/Pebble/lib/libpebble.a(tmpypdyNWpebble.o)
                0x0000000000001660                layer_set_update_proc
 .text.localtime
                0x000000000000166c        0xc /Users/rob/pebble-dev/PebbleSDK-2.1.1/Pebble/lib/libpebble.a(tmpypdyNWpebble.o)
                0x000000000000166c                localtime
 .text.memmove  0x0000000000001678        0xc /Users/rob/pebble-dev/PebbleSDK-2.1.1/Pebble/lib/libpebble.a(tmpypdyNWpebble.o)
                0x0000000000001678                memmove
 .text.persist_exists
                0x0000000000001684        0xc /Users/rob/pebble-dev/PebbleSDK-2.1.1/Pebble/lib/libpebble.a(tmpypdyNWpebble.o)
                0x0000000000001684                persist_exists
 .text.persist_read_int
                0x0000000000001690        0xc /Users/rob/pebble-dev/PebbleSDK-2.1.1/Pebble/lib/libpebble.a(tmpypdyNWpebble.o)
                0x0000000000001690                persist_read_int
 .text.persist_write_int
                0x000000000000169c        0xc /Users/rob/pebble-dev/PebbleSDK-2.1.1/Pebble/lib/libpebble.a(tmpypdyNWpebble.o)
                0x000000000000169c                persist_write_int
 .text.resource_get_handle
                0x00000000000016a8        0xc /Users/rob/pebble-dev/PebbleSDK-2.1.1/Pebble/lib/libpebble.a(tmpypdyNWpebble.o)
                0x00000000000016a8                resource_get_handle
 .text.strftime
                0x00000000000016b4        0xc /Users/rob/pebble-dev/PebbleSDK-2.1.1/Pebble/lib/libpebble.a(tmpypdyNWpebble.o)
                0x00000000000016b4                strftime
 .text.text_layer_create
                0x00000000000016c0        0xc /Users/rob/pebble-dev/PebbleSDK-2.1.1/Pebble/lib/libpebble.a(tmpypdyNWpebble.o)
                0x00000000000016c0                text_layer_create
 .text.text_layer_destroy
                0x00000000000016cc        0xc /Users/rob/pebble-dev/PebbleSDK-2.1.1/Pebble/lib/libpebble.a(tmpypdyNWpebble.o)
                0x00000000000016cc                text_layer_destroy
 .text.text_layer_get_layer
                0x00000000000016d8        0xc /Users/rob/pebble-dev/PebbleSDK-2.1.1/Pebble/lib/libpebble.a(tmpypdyNWpebble.o)
                0x00000000000016d8                text_layer_get_layer
 .text.text_layer_set_background_color
                0x00000000000016e4        0xc /Users/rob/pebble-dev/PebbleSDK-2.1.1/Pebble/lib/libpebble.a(tmpypdyNWpebble.o)
                0x00000000000016e4                text_layer_set_background_color
 .text.text_layer_set_font
                0x00000000000016f0        0xc /Users/rob/pebble-dev/PebbleSDK-2.1.1/Pebble/lib/libpebble.a(tmpypdyNWpebble.o)
                0x00000000000016f0                text_layer_set_font
 .text.text_layer_set_overflow_mode
                0x00000000000016fc        0xc /Users/rob/pebble-dev/PebbleSDK-2.1.1/Pebble/lib/libpebble.a(tmpypdyNWpebble.o)
                0x00000000000016fc                text_layer_set_overflow_mode
 .text.text_layer_set_text
                0x0000000000001708        0xc /Users/rob/pebble-dev/PebbleSDK-2.1.1/Pebble/lib/libpebble.a(tmpypdyNWpebble.o)
                0x0000000000001708                text_layer_set_text
 .text.text_layer_set_text_alignment
                0x0000000000001714        0xc /Users/rob/pebble-dev/PebbleSDK-2.1.1/Pebble/lib/libpebble.a(tmpypdyNWpebble.o)
                0x0000000000001714                text_layer_set_text_alignment
 .text.text_layer_set_text_color
                0x0000000000001720        0xc /Users/rob/pebble-dev/PebbleSDK-2.1.1/Pebble/lib/libpebble.a(tmpypdyNWpebble.o)
                0x0000000000001720                text_layer_set_text_color
 .text.tick_timer_service_subscribe
                0x000000000000172c        0xc /Users/rob/pebble-dev/PebbleSDK-2.1.1/Pebble/lib/libpebble.a(tmpypdyNWpebble.o)
                0x000000000000172c                tick_timer_service_subscribe
 .text.tick_timer_service_unsubscribe
                0x0000000000001738        0xc /Users/rob/pebble-dev/PebbleSDK-2.1.1/Pebble/lib/libpebble.a(tmpypdyNWpebble.o)
                0x0000000000001738                tick_timer_service_unsubscribe
 .text.time     0x0000000000001744        0xc /Users/rob/pebble-dev/PebbleSDK-2.1.1/Pebble/lib/libpebble.a(tmpypdyNWpebble.o)
                0x0000000000001744                time
 .text.vibes_short_pulse
                0x0000000000001750        0xc /Users/rob/pebble-dev/PebbleSDK-2.1.1/Pebble/lib/libpebble.a(tmpypdyNWpebble.o)
                0x0000000000001750                vibes_short_pulse
 .text.window_create
                0x000000000000175c        0xc /Users/rob/pebble-dev/PebbleSDK-2.1.1/Pebble/lib/libpebble.a(tmpypdyNWpebble.o)
                0x000000000000175c                window_create
 .text.window_destroy
                0x0000000000001768        0xc /Users/rob/pebble-dev/PebbleSDK-2.1.1/Pebble/lib/libpebble.a(tmpypdyNWpebble.o)
                0x0000000000001768                window_destroy
 .text.window_get_root_layer
                0x0000000000001774        0xc /Users/rob/pebble-dev/PebbleSDK-2.1.1/Pebble/lib/libpebble.a(tmpypdyNWpebble.o)
                0x0000000000001774                window_get_root_layer
 .text.window_set_background_color
                0x0000000000001780        0xc /Users/rob/pebble-dev/PebbleSDK-2.1.1/Pebble/lib/libpebble.a(tmpypdyNWpebble.o)
                0x0000000000001780                window_set_background_color
 .text.window_stack_push
                0x000000000000178c        0xc /Users/rob/pebble-dev/PebbleSDK-2.1.1/Pebble/lib/libpebble.a(tmpypdyNWpebble.o)
                0x000000000000178c                window_stack_push
 *(.rodata)
 .rodata        0x0000000000001798       0x58 src/substance.c.18.o
 *(.rodata*)
 .rodata.str1.1
                0x00000000000017f0      0x4af src/substance.c.18.o

.glue_7         0x0000000000001ca0        0x0
 .glue_7        0x0000000000000000        0x0 linker stubs

.glue_7t        0x0000000000001ca0        0x0
 .glue_7t       0x0000000000000000        0x0 linker stubs

.vfp11_veneer   0x0000000000001ca0        0x0
 .vfp11_veneer  0x0000000000000000        0x0 linker stubs

.v4_bx          0x0000000000001ca0        0x0
 .v4_bx         0x0000000000000000        0x0 linker stubs

.iplt           0x0000000000001ca0        0x0
 .iplt          0x0000000000000000        0x0 /Users/rob/pebble-dev/PebbleSDK-2.1.1/arm-cs-tools/bin/../lib/gcc/arm-none-eabi/4.7.2/thumb2/crtbegin.o

.rel.dyn        0x0000000000001ca0        0x0
 .rel.iplt      0x0000000000000000        0x0 /Users/rob/pebble-dev/PebbleSDK-2.1.1/arm-cs-tools/bin/../lib/gcc/arm-none-eabi/4.7.2/thumb2/crtbegin.o
 .rel.got       0x0000000000000000        0x0 /Users/rob/pebble-dev/PebbleSDK-2.1.1/arm-cs-tools/bin/../lib/gcc/arm-none-eabi/4.7.2/thumb2/crtbegin.o

.data           0x0000000000001ca0       0x38
 *(.data)
 .data          0x0000000000001ca0        0x0 /Users/rob/pebble-dev/PebbleSDK-2.1.1/arm-cs-tools/bin/../lib/gcc/arm-none-eabi/4.7.2/thumb2/crti.o
 .data          0x0000000000001ca0        0x4 /Users/rob/pebble-dev/PebbleSDK-2.1.1/arm-cs-tools/bin/../lib/gcc/arm-none-eabi/4.7.2/thumb2/crtbegin.o
                0x0000000000001ca0                __dso_handle
 .data          0x0000000000001ca4        0x0 src/bluetooth.c.18.o
 .data          0x0000000000001ca4        0x0 src/substance.c.18.o
 .data          0x0000000000001ca4        0x0 appinfo.auto.c.18.o
 .data          0x0000000000001ca4        0x0 /Users/rob/pebble-dev/PebbleSDK-2.1.1/Pebble/lib/libpebble.a(tmpypdyNWpebble.o)
 .data          0x0000000000001ca4        0x0 /Users/rob/pebble-dev/PebbleSDK-2.1.1/arm-cs-tools/bin/../lib/gcc/arm-none-eabi/4.7.2/thumb2/crtend.o
 .data          0x0000000000001ca4        0x0 /Users/rob/pebble-dev/PebbleSDK-2.1.1/arm-cs-tools/bin/../lib/gcc/arm-none-eabi/4.7.2/thumb2/crtn.o
 *(.data.*)
 .data.date_text
                0x0000000000001ca4       0x1b src/substance.c.18.o
 .data.day_text
                0x0000000000001cbf        0xa src/substance.c.18.o
 .data.time_text
                0x0000000000001cc9        0x6 src/substance.c.18.o
 *fill*         0x0000000000001ccf        0x1 
 .data.rel.local.kDateFormat
                0x0000000000001cd0        0x8 src/substance.c.18.o
                0x0000000000001cd0                kDateFormat

.igot.plt       0x0000000000001cd8        0x0
 .igot.plt      0x0000000000000000        0x0 /Users/rob/pebble-dev/PebbleSDK-2.1.1/arm-cs-tools/bin/../lib/gcc/arm-none-eabi/4.7.2/thumb2/crtbegin.o

.got            0x0000000000001cd8       0x24
 .got           0x0000000000001cd8       0x24 /Users/rob/pebble-dev/PebbleSDK-2.1.1/arm-cs-tools/bin/../lib/gcc/arm-none-eabi/4.7.2/thumb2/crtbegin.o

.got.plt        0x0000000000001cfc        0xc
 .got.plt       0x0000000000001cfc        0xc /Users/rob/pebble-dev/PebbleSDK-2.1.1/arm-cs-tools/bin/../lib/gcc/arm-none-eabi/4.7.2/thumb2/crtbegin.o
                0x0000000000001cfc                _GLOBAL_OFFSET_TABLE_

.bss            0x0000000000001d08      0x174
 *(.bss)
 *(.bss.*)
 .bss.switchFlag
                0x0000000000001d08        0x4 src/substance.c.18.o
                0x0000000000001d08                switchFlag
 .bss.buffer    0x0000000000001d0c      0x100 src/substance.c.18.o
 .bss.text_date_layer
                0x0000000000001e0c        0x4 src/substance.c.18.o
 .bss.day       0x0000000000001e10        0x1 src/substance.c.18.o
 *fill*         0x0000000000001e11        0x3 
 .bss.countDown
                0x0000000000001e14        0x4 src/substance.c.18.o
                0x0000000000001e14                countDown
 .bss.text_day_layer
                0x0000000000001e18        0x4 src/substance.c.18.o
 .bss.vibrate   0x0000000000001e1c        0x1 src/substance.c.18.o
 .bss.date      0x0000000000001e1d        0x1 src/substance.c.18.o
 *fill*         0x0000000000001e1e        0x2 
 .bss.window    0x0000000000001e20        0x4 src/substance.c.18.o
 .bss.inverter_layer
                0x0000000000001e24        0x4 src/substance.c.18.o
 .bss.position  0x0000000000001e28        0x1 src/substance.c.18.o
 *fill*         0x0000000000001e29        0x3 
 .bss.app       0x0000000000001e2c       0x20 src/substance.c.18.o
 .bss.read_day_layer
                0x0000000000001e4c        0x4 src/substance.c.18.o
 .bss.screen    0x0000000000001e50        0x1 src/substance.c.18.o
 .bss.seconds   0x0000000000001e51        0x1 src/substance.c.18.o
 *fill*         0x0000000000001e52        0x2 
 .bss.debug_flag
                0x0000000000001e54        0x4 src/substance.c.18.o
                0x0000000000001e54                debug_flag
 .bss.text_time_layer
                0x0000000000001e58        0x4 src/substance.c.18.o
 COMMON         0x0000000000001e5c        0x8 src/bluetooth.c.18.o
                0x0000000000001e5c                bt_border_layer
                0x0000000000001e60                bt_layer
 COMMON         0x0000000000001e64       0x18 src/substance.c.18.o
                0x0000000000001e64                bottom_line_layer
                0x0000000000001e68                sunInt
                0x0000000000001e6c                seconds_layer
                0x0000000000001e70                power_bar_layer
                0x0000000000001e74                top_line_layer
                0x0000000000001e78                line_layer

DISCARD
 libc.a(*)
 libm.a(*)
 libgcc.a(*)
 *(.eh_frame)
OUTPUT(/Users/rob/Documents/gitroot/substance/build/pebble-app.elf elf32-littlearm)

.ARM.attributes
                0x0000000000000000       0x27
 .ARM.attributes
                0x0000000000000000       0x19 /Users/rob/pebble-dev/PebbleSDK-2.1.1/arm-cs-tools/bin/../lib/gcc/arm-none-eabi/4.7.2/thumb2/crti.o
 .ARM.attributes
                0x0000000000000019       0x29 /Users/rob/pebble-dev/PebbleSDK-2.1.1/arm-cs-tools/bin/../lib/gcc/arm-none-eabi/4.7.2/thumb2/crtbegin.o
 .ARM.attributes
                0x0000000000000042       0x33 src/bluetooth.c.18.o
 .ARM.attributes
                0x0000000000000075       0x33 src/substance.c.18.o
 .ARM.attributes
                0x00000000000000a8       0x33 appinfo.auto.c.18.o
 .ARM.attributes
                0x00000000000000db       0x21 /Users/rob/pebble-dev/PebbleSDK-2.1.1/Pebble/lib/libpebble.a(tmpypdyNWpebble.o)
 .ARM.attributes
                0x00000000000000fc       0x29 /Users/rob/pebble-dev/PebbleSDK-2.1.1/arm-cs-tools/bin/../lib/gcc/arm-none-eabi/4.7.2/thumb2/crtend.o
 .ARM.attributes
                0x0000000000000125       0x19 /Users/rob/pebble-dev/PebbleSDK-2.1.1/arm-cs-tools/bin/../lib/gcc/arm-none-eabi/4.7.2/thumb2/crtn.o

.comment        0x0000000000000000       0x4e
 .comment       0x0000000000000000       0x4e /Users/rob/pebble-dev/PebbleSDK-2.1.1/arm-cs-tools/bin/../lib/gcc/arm-none-eabi/4.7.2/thumb2/crtbegin.o
                                         0x4f (size before relaxing)
 .comment       0x0000000000000000       0x4f src/bluetooth.c.18.o
 .comment       0x0000000000000000       0x4f src/substance.c.18.o
 .comment       0x0000000000000000       0x4f appinfo.auto.c.18.o
 .comment       0x0000000000000000       0x4f /Users/rob/pebble-dev/PebbleSDK-2.1.1/arm-cs-tools/bin/../lib/gcc/arm-none-eabi/4.7.2/thumb2/crtend.o

.debug_info     0x0000000000000000     0x3172
 .debug_info    0x0000000000000000      0x307 src/bluetooth.c.18.o
 .debug_info    0x0000000000000307     0x2ae0 src/substance.c.18.o
 .debug_info    0x0000000000002de7      0x38b appinfo.auto.c.18.o

.debug_abbrev   0x0000000000000000      0x625
 .debug_abbrev  0x0000000000000000      0x16a src/bluetooth.c.18.o
 .debug_abbrev  0x000000000000016a      0x410 src/substance.c.18.o
 .debug_abbrev  0x000000000000057a       0xab appinfo.auto.c.18.o

.debug_loc      0x0000000000000000      0xb17
 .debug_loc     0x0000000000000000      0x221 src/bluetooth.c.18.o
 .debug_loc     0x0000000000000221      0x8f6 src/substance.c.18.o

.debug_aranges  0x0000000000000000       0xf8
 .debug_aranges
                0x0000000000000000       0x38 src/bluetooth.c.18.o
 .debug_aranges
                0x0000000000000038       0xa8 src/substance.c.18.o
 .debug_aranges
                0x00000000000000e0       0x18 appinfo.auto.c.18.o

.debug_ranges   0x0000000000000000       0xc0
 .debug_ranges  0x0000000000000000       0x28 src/bluetooth.c.18.o
 .debug_ranges  0x0000000000000028       0x98 src/substance.c.18.o

.debug_line     0x0000000000000000      0x923
 .debug_line    0x0000000000000000      0x1b9 src/bluetooth.c.18.o
 .debug_line    0x00000000000001b9      0x652 src/substance.c.18.o
 .debug_line    0x000000000000080b      0x118 appinfo.auto.c.18.o

.debug_str      0x0000000000000000     0x14c7
 .debug_str     0x0000000000000000      0x2bc src/bluetooth.c.18.o
                                        0x2fb (size before relaxing)
 .debug_str     0x00000000000002bc     0x102d src/substance.c.18.o
                                       0x134e (size before relaxing)
 .debug_str     0x00000000000012e9      0x1de appinfo.auto.c.18.o
                                        0x44e (size before relaxing)

.debug_frame    0x0000000000000000      0x2b4
 .debug_frame   0x0000000000000000       0x70 src/bluetooth.c.18.o
 .debug_frame   0x0000000000000070      0x244 src/substance.c.18.o
